YES NESTED
YES NESTED for second test
Second Statement Pass
Else Nested works
