Addition PASS
Subtraction PASS
Multiplication PASS
Division PASS
