Hello world!
We can print two lines too.
Edwards, do we get full credit now?
