Hello world!
We can print two lines too.
We can print three lines too.
Edwards, do we get full credit now?
