MULT>ADD PASS
DIV>SUB PASS
DIV MULT LR PASS
COMPLEX PASS
