== OK
2>1 OK
1>=1 OK
2>=1 OK
1<=1 OK
1<=2 OK
1<2 OK

